<?php return array (
  0 => 'Symfony\\Bundle\\FrameworkBundle\\Controller\\AbstractController',
  1 => 'App\\Controller\\BaseController',
  2 => 'App\\Controller\\ConfigureHelpdesk',
  3 => 'App\\Controller\\ImageCache\\ImageCacheController',
  4 => 'App\\Controller\\ImageCache\\ImageManager',
  5 => 'Doctrine\\Bundle\\DoctrineBundle\\Controller\\ProfilerController',
  6 => 'Doctrine\\ORM\\Cache\\Persister\\Entity\\AbstractEntityPersister',
  7 => 'Doctrine\\ORM\\Cache\\Persister\\Entity\\CachedEntityPersister',
  8 => 'Doctrine\\ORM\\Cache\\Persister\\Entity\\NonStrictReadWriteCachedEntityPersister',
  9 => 'Doctrine\\ORM\\Cache\\Persister\\Entity\\ReadOnlyCachedEntityPersister',
  10 => 'Doctrine\\ORM\\Cache\\Persister\\Entity\\ReadWriteCachedEntityPersister',
  11 => 'Doctrine\\ORM\\Persisters\\Entity\\AbstractEntityInheritancePersister',
  12 => 'Doctrine\\ORM\\Persisters\\Entity\\BasicEntityPersister',
  13 => 'Doctrine\\ORM\\Persisters\\Entity\\CachedPersisterContext',
  14 => 'Doctrine\\ORM\\Persisters\\Entity\\EntityPersister',
  15 => 'Doctrine\\ORM\\Persisters\\Entity\\JoinedSubclassPersister',
  16 => 'Doctrine\\ORM\\Persisters\\Entity\\SingleTablePersister',
  18 => 'Symfony\\Bundle\\FrameworkBundle\\Controller\\ControllerResolver',
  19 => 'Symfony\\Bundle\\FrameworkBundle\\Controller\\RedirectController',
  20 => 'Symfony\\Bundle\\FrameworkBundle\\Controller\\TemplateController',
  21 => 'Symfony\\Bundle\\WebProfilerBundle\\Controller\\ExceptionPanelController',
  22 => 'Symfony\\Bundle\\WebProfilerBundle\\Controller\\ProfilerController',
  23 => 'Symfony\\Bundle\\WebProfilerBundle\\Controller\\RouterController',
  24 => 'Symfony\\Component\\HttpKernel\\Controller\\ArgumentResolver',
  25 => 'Symfony\\Component\\HttpKernel\\Controller\\ArgumentResolverInterface',
  26 => 'Symfony\\Component\\HttpKernel\\Controller\\ArgumentResolver\\DefaultValueResolver',
  27 => 'Symfony\\Component\\HttpKernel\\Controller\\ArgumentResolver\\NotTaggedControllerValueResolver',
  28 => 'Symfony\\Component\\HttpKernel\\Controller\\ArgumentResolver\\RequestAttributeValueResolver',
  29 => 'Symfony\\Component\\HttpKernel\\Controller\\ArgumentResolver\\RequestValueResolver',
  30 => 'Symfony\\Component\\HttpKernel\\Controller\\ArgumentResolver\\ServiceValueResolver',
  31 => 'Symfony\\Component\\HttpKernel\\Controller\\ArgumentResolver\\SessionValueResolver',
  32 => 'Symfony\\Component\\HttpKernel\\Controller\\ArgumentResolver\\TraceableValueResolver',
  33 => 'Symfony\\Component\\HttpKernel\\Controller\\ArgumentResolver\\VariadicValueResolver',
  34 => 'Symfony\\Component\\HttpKernel\\Controller\\ArgumentValueResolverInterface',
  35 => 'Symfony\\Component\\HttpKernel\\Controller\\ContainerControllerResolver',
  36 => 'Symfony\\Component\\HttpKernel\\Controller\\ControllerReference',
  37 => 'Symfony\\Component\\HttpKernel\\Controller\\ControllerResolver',
  38 => 'Symfony\\Component\\HttpKernel\\Controller\\ControllerResolverInterface',
  39 => 'Symfony\\Component\\HttpKernel\\Controller\\ErrorController',
  40 => 'Symfony\\Component\\HttpKernel\\Controller\\TraceableArgumentResolver',
  41 => 'Symfony\\Component\\HttpKernel\\Controller\\TraceableControllerResolver',
  42 => 'Symfony\\Component\\Security\\Http\\Controller\\UserValueResolver',
  43 => 'Webkul\\UVDesk\\ApiBundle\\Controller\\ApiSettings',
  44 => 'Webkul\\UVDesk\\ApiBundle\\Entity\\ApiAccessCredential',
  45 => 'Webkul\\UVDesk\\AutomationBundle\\Controller\\Automations\\PreparedResponse',
  46 => 'Webkul\\UVDesk\\AutomationBundle\\Controller\\Automations\\PreparedResponseXHR',
  47 => 'Webkul\\UVDesk\\AutomationBundle\\Controller\\Automations\\Workflow',
  48 => 'Webkul\\UVDesk\\AutomationBundle\\Controller\\Automations\\WorkflowXHR',
  49 => 'Webkul\\UVDesk\\AutomationBundle\\Entity\\PreparedResponses',
  50 => 'Webkul\\UVDesk\\AutomationBundle\\Entity\\Workflow',
  51 => 'Webkul\\UVDesk\\AutomationBundle\\Entity\\WorkflowEvents',
  52 => 'Webkul\\UVDesk\\CoreFrameworkBundle\\Controller\\Account',
  53 => 'Webkul\\UVDesk\\CoreFrameworkBundle\\Controller\\AccountXHR',
  54 => 'Webkul\\UVDesk\\CoreFrameworkBundle\\Controller\\Authentication',
  55 => 'Webkul\\UVDesk\\CoreFrameworkBundle\\Controller\\Customer',
  56 => 'Webkul\\UVDesk\\CoreFrameworkBundle\\Controller\\CustomerXHR',
  57 => 'Webkul\\UVDesk\\CoreFrameworkBundle\\Controller\\Email',
  58 => 'Webkul\\UVDesk\\CoreFrameworkBundle\\Controller\\EmailSettings',
  59 => 'Webkul\\UVDesk\\CoreFrameworkBundle\\Controller\\EmailSettingsXHR',
  60 => 'Webkul\\UVDesk\\CoreFrameworkBundle\\Controller\\Group',
  61 => 'Webkul\\UVDesk\\CoreFrameworkBundle\\Controller\\GroupXHR',
  62 => 'Webkul\\UVDesk\\CoreFrameworkBundle\\Controller\\Microsoft\\MicrosoftApps',
  63 => 'Webkul\\UVDesk\\CoreFrameworkBundle\\Controller\\Microsoft\\MicrosoftAppsXHR',
  64 => 'Webkul\\UVDesk\\CoreFrameworkBundle\\Controller\\Privilege',
  65 => 'Webkul\\UVDesk\\CoreFrameworkBundle\\Controller\\PrivilegeXHR',
  66 => 'Webkul\\UVDesk\\CoreFrameworkBundle\\Controller\\Report',
  67 => 'Webkul\\UVDesk\\CoreFrameworkBundle\\Controller\\SavedReplies',
  68 => 'Webkul\\UVDesk\\CoreFrameworkBundle\\Controller\\Session',
  69 => 'Webkul\\UVDesk\\CoreFrameworkBundle\\Controller\\SwiftMailer',
  70 => 'Webkul\\UVDesk\\CoreFrameworkBundle\\Controller\\SwiftMailerXHR',
  71 => 'Webkul\\UVDesk\\CoreFrameworkBundle\\Controller\\Team',
  72 => 'Webkul\\UVDesk\\CoreFrameworkBundle\\Controller\\TeamXHR',
  73 => 'Webkul\\UVDesk\\CoreFrameworkBundle\\Controller\\Theme',
  74 => 'Webkul\\UVDesk\\CoreFrameworkBundle\\Controller\\Thread',
  75 => 'Webkul\\UVDesk\\CoreFrameworkBundle\\Controller\\ThreadXHR',
  76 => 'Webkul\\UVDesk\\CoreFrameworkBundle\\Controller\\Ticket',
  77 => 'Webkul\\UVDesk\\CoreFrameworkBundle\\Controller\\TicketXHR',
  78 => 'Webkul\\UVDesk\\CoreFrameworkBundle\\Entity\\AgentActivity',
  79 => 'Webkul\\UVDesk\\CoreFrameworkBundle\\Entity\\Attachment',
  80 => 'Webkul\\UVDesk\\CoreFrameworkBundle\\Entity\\EmailTemplates',
  81 => 'Webkul\\UVDesk\\CoreFrameworkBundle\\Entity\\Microsoft\\MicrosoftAccount',
  82 => 'Webkul\\UVDesk\\CoreFrameworkBundle\\Entity\\Microsoft\\MicrosoftApp',
  83 => 'Webkul\\UVDesk\\CoreFrameworkBundle\\Entity\\PublicResourceAccessLink',
  84 => 'Webkul\\UVDesk\\CoreFrameworkBundle\\Entity\\Recaptcha',
  85 => 'Webkul\\UVDesk\\CoreFrameworkBundle\\Entity\\SavedFilters',
  86 => 'Webkul\\UVDesk\\CoreFrameworkBundle\\Entity\\SavedReplies',
  87 => 'Webkul\\UVDesk\\CoreFrameworkBundle\\Entity\\SupportGroup',
  88 => 'Webkul\\UVDesk\\CoreFrameworkBundle\\Entity\\SupportLabel',
  89 => 'Webkul\\UVDesk\\CoreFrameworkBundle\\Entity\\SupportPrivilege',
  90 => 'Webkul\\UVDesk\\CoreFrameworkBundle\\Entity\\SupportRole',
  91 => 'Webkul\\UVDesk\\CoreFrameworkBundle\\Entity\\SupportTeam',
  92 => 'Webkul\\UVDesk\\CoreFrameworkBundle\\Entity\\Tag',
  93 => 'Webkul\\UVDesk\\CoreFrameworkBundle\\Entity\\Thread',
  94 => 'Webkul\\UVDesk\\CoreFrameworkBundle\\Entity\\Ticket',
  95 => 'Webkul\\UVDesk\\CoreFrameworkBundle\\Entity\\TicketPriority',
  96 => 'Webkul\\UVDesk\\CoreFrameworkBundle\\Entity\\TicketRating',
  97 => 'Webkul\\UVDesk\\CoreFrameworkBundle\\Entity\\TicketStatus',
  98 => 'Webkul\\UVDesk\\CoreFrameworkBundle\\Entity\\TicketType',
  99 => 'Webkul\\UVDesk\\CoreFrameworkBundle\\Entity\\User',
  100 => 'Webkul\\UVDesk\\CoreFrameworkBundle\\Entity\\UserInstance',
  101 => 'Webkul\\UVDesk\\CoreFrameworkBundle\\Entity\\Website',
  102 => 'Webkul\\UVDesk\\ExtensionFrameworkBundle\\Controller\\Application',
  103 => 'Webkul\\UVDesk\\ExtensionFrameworkBundle\\Controller\\Dashboard',
  104 => 'Webkul\\UVDesk\\MailboxBundle\\Controller\\MailboxChannel',
  105 => 'Webkul\\UVDesk\\MailboxBundle\\Controller\\MailboxChannelXHR',
  106 => 'Webkul\\UVDesk\\SupportCenterBundle\\Controller\\Announcement',
  107 => 'Webkul\\UVDesk\\SupportCenterBundle\\Controller\\Article',
  108 => 'Webkul\\UVDesk\\SupportCenterBundle\\Controller\\Branding',
  109 => 'Webkul\\UVDesk\\SupportCenterBundle\\Controller\\Category',
  110 => 'Webkul\\UVDesk\\SupportCenterBundle\\Controller\\Customer',
  111 => 'Webkul\\UVDesk\\SupportCenterBundle\\Controller\\Folder',
  112 => 'Webkul\\UVDesk\\SupportCenterBundle\\Controller\\KnowledgebaseXHR',
  113 => 'Webkul\\UVDesk\\SupportCenterBundle\\Controller\\MarketingModule',
  114 => 'Webkul\\UVDesk\\SupportCenterBundle\\Controller\\Ticket',
  115 => 'Webkul\\UVDesk\\SupportCenterBundle\\Controller\\Website',
  116 => 'Webkul\\UVDesk\\SupportCenterBundle\\Entity\\Announcement',
  117 => 'Webkul\\UVDesk\\SupportCenterBundle\\Entity\\Article',
  118 => 'Webkul\\UVDesk\\SupportCenterBundle\\Entity\\ArticleCategory',
  119 => 'Webkul\\UVDesk\\SupportCenterBundle\\Entity\\ArticleFeedback',
  120 => 'Webkul\\UVDesk\\SupportCenterBundle\\Entity\\ArticleHistory',
  121 => 'Webkul\\UVDesk\\SupportCenterBundle\\Entity\\ArticleRelatedArticle',
  122 => 'Webkul\\UVDesk\\SupportCenterBundle\\Entity\\ArticleTags',
  123 => 'Webkul\\UVDesk\\SupportCenterBundle\\Entity\\ArticleViewLog',
  124 => 'Webkul\\UVDesk\\SupportCenterBundle\\Entity\\KnowledgebaseWebsite',
  125 => 'Webkul\\UVDesk\\SupportCenterBundle\\Entity\\MarketingModule',
  126 => 'Webkul\\UVDesk\\SupportCenterBundle\\Entity\\SolutionCategory',
  127 => 'Webkul\\UVDesk\\SupportCenterBundle\\Entity\\SolutionCategoryMapping',
  128 => 'Webkul\\UVDesk\\SupportCenterBundle\\Entity\\Solutions',
);